<html>
<body>
<pre>
<h1>µVision Build Log</h1>
<h2>Tool Versions:</h2>
IDE-Version: ¦ÌVision V5.25.2.0
Copyright (C) 2018 ARM Ltd and ARM Germany GmbH. All rights reserved.
License Information: . berberman . Flex license: MDK-ARM Professional (Eval) (mdk_pro_eval) Operation stops: 24 Jul 2018
 
Tool Versions:
Toolchain:       MDK-ARM Professional (Eval)  Version: 5.25.2.0
Toolchain Path:  C:\Keil_v5\ARM\ARMCC\Bin
C Compiler:      Armcc.exe V5.06 update 6 (build 750)
Assembler:       Armasm.exe V5.06 update 6 (build 750)
Linker/Locator:  ArmLink.exe V5.06 update 6 (build 750)
Library Manager: ArmAr.exe V5.06 update 6 (build 750)
Hex Converter:   FromElf.exe V5.06 update 6 (build 750)
CPU DLL:         SARMCM3.DLL V5.25.2.0
Dialog DLL:      DCM.DLL V1.17.1.0
Target DLL:      STLink\ST-LINKIII-KEIL_SWO.dll V3.0.1.0
Dialog DLL:      TCM.DLL V1.35.1.0
 
<h2>Project:</h2>
C:\Users\berberman\Desktop\summeree\rw\Project\rm_infantry.uvprojx
Project File Date:  07/20/2018

<h2>Output:</h2>
*** Using Compiler 'V5.06 update 6 (build 750)', folder: 'C:\Keil_v5\ARM\ARMCC\Bin'
Rebuild target 'rm_infantry'
compiling keyboard.c...
compiling motor_device.c...
compiling ramp.c...
compiling calibrate.c...
compiling pid.c...
compiling can_device.c...
compiling uart_device.c...
compiling detect_task.c...
compiling chassis_custom.c...
compiling device_task.c...
compiling chassis_task.c...
compiling startup.c...
compiling execute_task.c...
compiling gimbal_task.c...
compiling test_custom.c...
compiling shoot_custom.c...
compiling gimbal_custom.c...
compiling stm32f4xx_it.c...
linking...
Program Size: Code=40836 RO-data=864 RW-data=328 ZI-data=23064  
FromELF: creating hex file...
.\rm_infantry\rm_infantry.hex: Warning: Q9931W: Your license for feature mdk_pro_eval_armcompiler will expire in 4 days
Finished: 0 information, 1 warning and 0 error messages.
".\rm_infantry\rm_infantry.axf" - 0 Error(s), 0 Warning(s).

<h2>Software Packages used:</h2>

Package Vendor: Keil
                http://www.keil.com/pack/Keil.STM32F4xx_DFP.2.13.0.pack
                Keil.STM32F4xx_DFP.2.13.0
                STMicroelectronics STM32F4 Series Device Support, Drivers and Examples

<h2>Collection of Component include folders:</h2>
  .\RTE\_rm_infantry
  C:\Keil_v5\ARM\PACK\Keil\STM32F4xx_DFP\2.13.0\Drivers\CMSIS\Device\ST\STM32F4xx\Include

<h2>Collection of Component Files used:</h2>
Build Time Elapsed:  00:00:21
</pre>
</body>
</html>
